// Jest Snapshot v1, https://goo.gl/fbAQLP

exports[`matches snapshot 1`] = `
<DocumentFragment>
  <div>
    <h1>
      To-dos
    </h1>
    <ul />
    <form>
      <label
        for="todo"
      >
        Todo
      </label>
      <input
        id="todo"
        name="todo"
        placeholder="Todo"
        type="text"
        value=""
      />
      <button
        type="submit"
      >
        Submit
      </button>
    </form>
  </div>
</DocumentFragment>
`;
