// Jest Snapshot v1, https://goo.gl/fbAQLP

exports[`matches snapshot 1`] = `
<DocumentFragment>
  <span>
    <p>
      Wash clothes
    </p>
    <button>
      X
    </button>
  </span>
</DocumentFragment>
`;
